<html>
<body>
<pre>
<h1>µVision Build Log</h1>
<h2>Tool Versions:</h2>
IDE-Version: ¦ÌVision V5.18.0.0
Copyright (C) 2016 ARM Ltd and ARM Germany GmbH. All rights reserved.
License Information: aaa Microsoft, Microsoft, LIC=1WSII-TVYDB-QHY8A-1QJQA-PI1F4-EN5S6
 
Tool Versions:
Toolchain:       MDK-ARM Professional  Version: 5.18
Toolchain Path:  e:\Keil_v5\ARM\ARMCC\Bin
C Compiler:      Armcc.exe V5.06 update 1 (build 61)
Assembler:       Armasm.exe V5.06 update 1 (build 61)
Linker/Locator:  ArmLink.exe V5.06 update 1 (build 61)
Library Manager: ArmAr.exe V5.06 update 1 (build 61)
Hex Converter:   FromElf.exe V5.06 update 1 (build 61)
CPU DLL:         SARMCM3.DLL V5.18
Dialog DLL:      DARMSTM.DLL V1.65.0.0
Target DLL:      UL2CM3.DLL V1.157.5.0
Dialog DLL:      TARMSTM.DLL V1.64.0.0
 
<h2>Project:</h2>
E:\Users\huangzushui\Desktop\Blinky\Blinky.uvproj
Project File Date:  05/07/2016

<h2>Output:</h2>
*** Using Compiler 'V5.06 update 1 (build 61)', folder: 'e:\Keil_v5\ARM\ARMCC\Bin'
Rebuild target 'STM32F103 Simulator'
assembling startup_stm32f10x_md.s...
compiling Retarget.c...
compiling system_stm32f10x.c...
compiling Blinky.c...
linking...
Program Size: Code=716 RO-data=268 RW-data=20 ZI-data=1028  
".\Obj\Blinky.axf" - 0 Error(s), 0 Warning(s).
Build Time Elapsed:  00:00:01
</pre>
</body>
</html>
